In The Name of GOD



bandit28@bandit:~$ mkdir /tmp/irgc && cd /tmp/irgc


bandit28@bandit:/tmp/irgc$ git clone ssh://bandit28-git@localhost:2220/home/bandit28-git/repo
Cloning into 'repo'...
The authenticity of host '[localhost]:2220 ([127.0.0.1]:2220)' can't be established.
ED25519 key fingerprint is SHA256:C2ihUBV7ihnV1wUXRb4RrEcLfXC5CXlhmAAM/urerLY.
This key is not known by any other names.
Are you sure you want to continue connecting (yes/no/[fingerprint])? yes
Could not create directory '/home/bandit28/.ssh' (Permission denied).
Failed to add the host to the list of known hosts (/home/bandit28/.ssh/known_hosts).
                         _                     _ _ _
                        | |__   __ _ _ __   __| (_) |_
                        | '_ \ / _` | '_ \ / _` | | __|
                        | |_) | (_| | | | | (_| | | |_
                        |_.__/ \__,_|_| |_|\__,_|_|\__|


                      This is an OverTheWire game server.
            More information on http://www.overthewire.org/wargames

bandit28-git@localhost's password:
remote: Enumerating objects: 9, done.
remote: Counting objects: 100% (9/9), done.
remote: Compressing objects: 100% (6/6), done.
remote: Total 9 (delta 2), reused 0 (delta 0), pack-reused 0
Receiving objects: 100% (9/9), done.
Resolving deltas: 100% (2/2), done.



bandit28@bandit:/tmp/irgc$ ls
repo

bandit28@bandit:/tmp/irgc$ cd repo

bandit28@bandit:/tmp/irgc/repo$ ls
README.md

bandit28@bandit:/tmp/irgc/repo$ cat README.md
# Bandit Notes
Some notes for level29 of bandit.

## credentials

- username: bandit29
- password: xxxxxxxxxx





bandit28@bandit:/tmp/irgc/repo$ git log
commit 674690a00a0056ab96048f7317b9ec20c057c06b (HEAD -> master, origin/master, origin/HEAD)
Author: Morla Porla <morla@overthewire.org>
Date:   Thu Apr 10 14:23:19 2025 +0000

    fix info leak

commit fb0df1358b1ff146f581651a84bae622353a71c0
Author: Morla Porla <morla@overthewire.org>
Date:   Thu Apr 10 14:23:19 2025 +0000

    add missing data

commit a5fdc97aae2c6f0e6c1e722877a100f24bcaaa46
Author: Ben Dover <noone@overthewire.org>
Date:   Thu Apr 10 14:23:19 2025 +0000

    initial commit of README.md





bandit28@bandit:/tmp/irgc/repo$ git show
commit 674690a00a0056ab96048f7317b9ec20c057c06b (HEAD -> master, origin/master, origin/HEAD)
Author: Morla Porla <morla@overthewire.org>
Date:   Thu Apr 10 14:23:19 2025 +0000

    fix info leak

diff --git a/README.md b/README.md
index d4e3b74..5c6457b 100644
--- a/README.md
+++ b/README.md
@@ -4,5 +4,5 @@ Some notes for level29 of bandit.
 ## credentials

 - username: bandit29
-- password: 4pT1t5DENaYuqnqvadYs1oE4QLCdjmJ7
+- password: xxxxxxxxxx

